// Jest Snapshot v1, https://goo.gl/fbAQLP

exports[`Test ChatListItem Test ChatListItem by snapshots create or compare snapshot 1`] = `
<div
  className="flex items-center justify-between cursor-pointer hover:bg-gray-100 dark:hover:bg-gray-900 px-4 py-3 relative"
  data-testid="ddd"
  onClick={[Function]}
  onMouseEnter={[Function]}
  onMouseLeave={[Function]}
>
  <div
    className="flex gap-x-3"
  >
    <div
      className="relative w-[50px] h-[50px]"
    >
      <div
        className="relative border border-border w-full h-full rounded-md"
      >
        <h1
          className="text-center text-2xl leading-none  absolute left-1/2 -transform translate-y-1/2 -translate-x-1/2"
        >
          J
        </h1>
      </div>
    </div>
    <div>
      <div
        className="flex items-center h-full"
      >
        <h4
          className="text-left text-sm"
        >
          John Doe
        </h4>
      </div>
    </div>
  </div>
  <div />
</div>
`;
