// Jest Snapshot v1, https://goo.gl/fbAQLP

exports[`first testing test main component 1`] = `
<div
  className="text-red-800"
>
  Hello world!!!
</div>
`;
